#Packing pin usage report
Type: io
	Input Pin Usage:
		Max: 1.00 (1.00)
		Avg: 0.14 (0.14)
		Min: 0.00 (0.00)
		Histogram:
		[        0:      0.1) 12 ( 85.7%) |************************************************
		[      0.1:      0.2)  0 (  0.0%) |
		[      0.2:      0.3)  0 (  0.0%) |
		[      0.3:      0.4)  0 (  0.0%) |
		[      0.4:      0.5)  0 (  0.0%) |
		[      0.5:      0.6)  0 (  0.0%) |
		[      0.6:      0.7)  0 (  0.0%) |
		[      0.7:      0.8)  0 (  0.0%) |
		[      0.8:      0.9)  0 (  0.0%) |
		[      0.9:        1)  2 ( 14.3%) |********
	Output Pin Usage:
		Max: 1.00 (1.00)
		Avg: 0.86 (0.86)
		Min: 0.00 (0.00)
		Histogram:
		[        0:      0.1)  2 ( 14.3%) |********
		[      0.1:      0.2)  0 (  0.0%) |
		[      0.2:      0.3)  0 (  0.0%) |
		[      0.3:      0.4)  0 (  0.0%) |
		[      0.4:      0.5)  0 (  0.0%) |
		[      0.5:      0.6)  0 (  0.0%) |
		[      0.6:      0.7)  0 (  0.0%) |
		[      0.7:      0.8)  0 (  0.0%) |
		[      0.8:      0.9)  0 (  0.0%) |
		[      0.9:        1) 12 ( 85.7%) |************************************************

Type: clb
	Input Pin Usage:
		Max: 28.00 (0.76)
		Avg: 28.00 (0.76)
		Min: 28.00 (0.76)
		Histogram:
		[        0:      3.7) 0 (  0.0%) |
		[      3.7:      7.4) 0 (  0.0%) |
		[      7.4:       11) 0 (  0.0%) |
		[       11:       15) 0 (  0.0%) |
		[       15:       18) 0 (  0.0%) |
		[       18:       22) 0 (  0.0%) |
		[       22:       26) 0 (  0.0%) |
		[       26:       30) 1 (100.0%) |**************************************************
		[       30:       33) 0 (  0.0%) |
		[       33:       37) 0 (  0.0%) |
	Output Pin Usage:
		Max: 8.00 (0.42)
		Avg: 8.00 (0.42)
		Min: 8.00 (0.42)
		Histogram:
		[        0:      1.9) 0 (  0.0%) |
		[      1.9:      3.8) 0 (  0.0%) |
		[      3.8:      5.7) 0 (  0.0%) |
		[      5.7:      7.6) 0 (  0.0%) |
		[      7.6:      9.5) 1 (100.0%) |**************************************************
		[      9.5:       11) 0 (  0.0%) |
		[       11:       13) 0 (  0.0%) |
		[       13:       15) 0 (  0.0%) |
		[       15:       17) 0 (  0.0%) |
		[       17:       19) 0 (  0.0%) |

