#Timing report of worst 4 path(s)
# Unit scale: 1e-09 seconds
# Output precision: 3

#Path 1
Startpoint: operation[1].inpad[0] (.input clocked by virtual_io_clock)
Endpoint  : out:result[3].outpad[0] (.output clocked by virtual_io_clock)
Path Type : setup

Point                                                             Incr      Path
--------------------------------------------------------------------------------
clock virtual_io_clock (rise edge)                               0.000     0.000
clock source latency                                             0.000     0.000
input external delay                                             0.000     0.000
operation[1].inpad[0] (.input)                                   0.000     0.000
$abc$275$new_n19_.in[0] (.names)                                23.440    23.440
$abc$275$new_n19_.out[0] (.names)                                1.210    24.650
$abc$275$new_n23_.in[1] (.names)                                23.440    48.090
$abc$275$new_n23_.out[0] (.names)                                1.210    49.300
$abc$275$new_n27_.in[1] (.names)                                23.440    72.740
$abc$275$new_n27_.out[0] (.names)                                1.210    73.950
result[3].in[0] (.names)                                        23.440    97.390
result[3].out[0] (.names)                                        0.920    98.310
out:result[3].outpad[0] (.output)                               23.440   121.750
data arrival time                                                        121.750

clock virtual_io_clock (rise edge)                               0.000     0.000
clock source latency                                             0.000     0.000
clock uncertainty                                                0.000     0.000
output external delay                                            0.000     0.000
data required time                                                         0.000
--------------------------------------------------------------------------------
data required time                                                         0.000
data arrival time                                                       -121.750
--------------------------------------------------------------------------------
slack (VIOLATED)                                                        -121.750


#Path 2
Startpoint: operation[1].inpad[0] (.input clocked by virtual_io_clock)
Endpoint  : out:result[2].outpad[0] (.output clocked by virtual_io_clock)
Path Type : setup

Point                                                             Incr      Path
--------------------------------------------------------------------------------
clock virtual_io_clock (rise edge)                               0.000     0.000
clock source latency                                             0.000     0.000
input external delay                                             0.000     0.000
operation[1].inpad[0] (.input)                                   0.000     0.000
$abc$275$new_n19_.in[0] (.names)                                23.440    23.440
$abc$275$new_n19_.out[0] (.names)                                1.210    24.650
$abc$275$new_n23_.in[1] (.names)                                23.440    48.090
$abc$275$new_n23_.out[0] (.names)                                1.210    49.300
result[2].in[2] (.names)                                        23.440    72.740
result[2].out[0] (.names)                                        1.210    73.950
out:result[2].outpad[0] (.output)                               23.440    97.390
data arrival time                                                         97.390

clock virtual_io_clock (rise edge)                               0.000     0.000
clock source latency                                             0.000     0.000
clock uncertainty                                                0.000     0.000
output external delay                                            0.000     0.000
data required time                                                         0.000
--------------------------------------------------------------------------------
data required time                                                         0.000
data arrival time                                                        -97.390
--------------------------------------------------------------------------------
slack (VIOLATED)                                                         -97.390


#Path 3
Startpoint: operation[1].inpad[0] (.input clocked by virtual_io_clock)
Endpoint  : out:result[1].outpad[0] (.output clocked by virtual_io_clock)
Path Type : setup

Point                                                             Incr      Path
--------------------------------------------------------------------------------
clock virtual_io_clock (rise edge)                               0.000     0.000
clock source latency                                             0.000     0.000
input external delay                                             0.000     0.000
operation[1].inpad[0] (.input)                                   0.000     0.000
$abc$275$new_n31_.in[0] (.names)                                23.440    23.440
$abc$275$new_n31_.out[0] (.names)                                1.210    24.650
result[1].in[3] (.names)                                        23.440    48.090
result[1].out[0] (.names)                                        1.210    49.300
out:result[1].outpad[0] (.output)                               23.440    72.740
data arrival time                                                         72.740

clock virtual_io_clock (rise edge)                               0.000     0.000
clock source latency                                             0.000     0.000
clock uncertainty                                                0.000     0.000
output external delay                                            0.000     0.000
data required time                                                         0.000
--------------------------------------------------------------------------------
data required time                                                         0.000
data arrival time                                                        -72.740
--------------------------------------------------------------------------------
slack (VIOLATED)                                                         -72.740


#Path 4
Startpoint: operation[0].inpad[0] (.input clocked by virtual_io_clock)
Endpoint  : out:result[0].outpad[0] (.output clocked by virtual_io_clock)
Path Type : setup

Point                                                             Incr      Path
--------------------------------------------------------------------------------
clock virtual_io_clock (rise edge)                               0.000     0.000
clock source latency                                             0.000     0.000
input external delay                                             0.000     0.000
operation[0].inpad[0] (.input)                                   0.000     0.000
result[0].in[0] (.names)                                        23.440    23.440
result[0].out[0] (.names)                                        1.210    24.650
out:result[0].outpad[0] (.output)                               23.440    48.090
data arrival time                                                         48.090

clock virtual_io_clock (rise edge)                               0.000     0.000
clock source latency                                             0.000     0.000
clock uncertainty                                                0.000     0.000
output external delay                                            0.000     0.000
data required time                                                         0.000
--------------------------------------------------------------------------------
data required time                                                         0.000
data arrival time                                                        -48.090
--------------------------------------------------------------------------------
slack (VIOLATED)                                                         -48.090


#End of timing report
