#Timing report of worst 4 path(s)
# Unit scale: 1e-09 seconds
# Output precision: 3

#Path 1
Startpoint: mb[1].inpad[0] (.input clocked by clock)
Endpoint  : qm[1].D[0] (.latch clocked by clock)
Path Type : setup

Point                                                             Incr      Path
--------------------------------------------------------------------------------
clock clock (rise edge)                                          0.000     0.000
clock source latency                                             0.000     0.000
input external delay                                             0.000     0.000
mb[1].inpad[0] (.input)                                          0.000     0.000
$abc$139$new_n30_.in[0] (.names)                                 4.370     4.370
$abc$139$new_n30_.out[0] (.names)                                0.920     5.290
$abc$139$new_n33_.in[1] (.names)                                 5.700    10.990
$abc$139$new_n33_.out[0] (.names)                                1.210    12.200
n34.in[0] (.names)                                               8.600    20.800
n34.out[0] (.names)                                              0.920    21.720
qm[1].D[0] (.latch)                                              0.000    21.720
data arrival time                                                         21.720

clock clock (rise edge)                                          0.000     0.000
clock source latency                                             0.000     0.000
clock.inpad[0] (.input)                                          0.000     0.000
qm[1].clk[0] (.latch)                                            0.110     0.110
clock uncertainty                                                0.000     0.110
cell setup time                                                 -0.390    -0.280
data required time                                                        -0.280
--------------------------------------------------------------------------------
data required time                                                        -0.280
data arrival time                                                        -21.720
--------------------------------------------------------------------------------
slack (VIOLATED)                                                         -22.000


#Path 2
Startpoint: bm[0].inpad[0] (.input clocked by clock)
Endpoint  : qm[0].D[0] (.latch clocked by clock)
Path Type : setup

Point                                                             Incr      Path
--------------------------------------------------------------------------------
clock clock (rise edge)                                          0.000     0.000
clock source latency                                             0.000     0.000
input external delay                                             0.000     0.000
bm[0].inpad[0] (.input)                                          0.000     0.000
$abc$139$new_n28_.in[3] (.names)                                10.130    10.130
$abc$139$new_n28_.out[0] (.names)                                1.210    11.340
n30.in[1] (.names)                                               4.280    15.620
n30.out[0] (.names)                                              1.210    16.830
qm[0].D[0] (.latch)                                              1.140    17.970
data arrival time                                                         17.970

clock clock (rise edge)                                          0.000     0.000
clock source latency                                             0.000     0.000
clock.inpad[0] (.input)                                          0.000     0.000
qm[0].clk[0] (.latch)                                            0.110     0.110
clock uncertainty                                                0.000     0.110
cell setup time                                                 -0.390    -0.280
data required time                                                        -0.280
--------------------------------------------------------------------------------
data required time                                                        -0.280
data arrival time                                                        -17.970
--------------------------------------------------------------------------------
slack (VIOLATED)                                                         -18.250


#Path 3
Startpoint: qm[0].Q[0] (.latch clocked by clock)
Endpoint  : out:qm[0].outpad[0] (.output clocked by clock)
Path Type : setup

Point                                                             Incr      Path
--------------------------------------------------------------------------------
clock clock (rise edge)                                          0.000     0.000
clock source latency                                             0.000     0.000
clock.inpad[0] (.input)                                          0.000     0.000
qm[0].clk[0] (.latch)                                            0.110     0.110
qm[0].Q[0] (.latch) [clock-to-output]                            0.430     0.540
out:qm[0].outpad[0] (.output)                                   11.010    11.550
data arrival time                                                         11.550

clock clock (rise edge)                                          0.000     0.000
clock source latency                                             0.000     0.000
clock uncertainty                                                0.000     0.000
output external delay                                            0.000     0.000
data required time                                                         0.000
--------------------------------------------------------------------------------
data required time                                                         0.000
data arrival time                                                        -11.550
--------------------------------------------------------------------------------
slack (VIOLATED)                                                         -11.550


#Path 4
Startpoint: qm[1].Q[0] (.latch clocked by clock)
Endpoint  : out:qm[1].outpad[0] (.output clocked by clock)
Path Type : setup

Point                                                             Incr      Path
--------------------------------------------------------------------------------
clock clock (rise edge)                                          0.000     0.000
clock source latency                                             0.000     0.000
clock.inpad[0] (.input)                                          0.000     0.000
qm[1].clk[0] (.latch)                                            0.110     0.110
qm[1].Q[0] (.latch) [clock-to-output]                            0.430     0.540
out:qm[1].outpad[0] (.output)                                    6.700     7.240
data arrival time                                                          7.240

clock clock (rise edge)                                          0.000     0.000
clock source latency                                             0.000     0.000
clock uncertainty                                                0.000     0.000
output external delay                                            0.000     0.000
data required time                                                         0.000
--------------------------------------------------------------------------------
data required time                                                         0.000
data arrival time                                                         -7.240
--------------------------------------------------------------------------------
slack (VIOLATED)                                                          -7.240


#End of timing report
