#Packing pin usage report
Type: io
	Input Pin Usage:
		Max: 1.00 (1.00)
		Avg: 0.29 (0.29)
		Min: 0.00 (0.00)
		Histogram:
		[        0:      0.1) 10 ( 71.4%) |*************************************************
		[      0.1:      0.2) 0 (  0.0%) |
		[      0.2:      0.3) 0 (  0.0%) |
		[      0.3:      0.4) 0 (  0.0%) |
		[      0.4:      0.5) 0 (  0.0%) |
		[      0.5:      0.6) 0 (  0.0%) |
		[      0.6:      0.7) 0 (  0.0%) |
		[      0.7:      0.8) 0 (  0.0%) |
		[      0.8:      0.9) 0 (  0.0%) |
		[      0.9:        1) 4 ( 28.6%) |********************
	Output Pin Usage:
		Max: 1.00 (1.00)
		Avg: 0.71 (0.71)
		Min: 0.00 (0.00)
		Histogram:
		[        0:      0.1) 4 ( 28.6%) |********************
		[      0.1:      0.2) 0 (  0.0%) |
		[      0.2:      0.3) 0 (  0.0%) |
		[      0.3:      0.4) 0 (  0.0%) |
		[      0.4:      0.5) 0 (  0.0%) |
		[      0.5:      0.6) 0 (  0.0%) |
		[      0.6:      0.7) 0 (  0.0%) |
		[      0.7:      0.8) 0 (  0.0%) |
		[      0.8:      0.9) 0 (  0.0%) |
		[      0.9:        1) 10 ( 71.4%) |*************************************************

Type: clb
	Input Pin Usage:
		Max: 31.00 (0.84)
		Avg: 23.50 (0.64)
		Min: 16.00 (0.43)
		Histogram:
		[        0:      3.7) 0 (  0.0%) |
		[      3.7:      7.4) 0 (  0.0%) |
		[      7.4:       11) 0 (  0.0%) |
		[       11:       15) 0 (  0.0%) |
		[       15:       18) 1 ( 50.0%) |**************************************************
		[       18:       22) 0 (  0.0%) |
		[       22:       26) 0 (  0.0%) |
		[       26:       30) 0 (  0.0%) |
		[       30:       33) 1 ( 50.0%) |**************************************************
		[       33:       37) 0 (  0.0%) |
	Output Pin Usage:
		Max: 8.00 (0.42)
		Avg: 6.00 (0.32)
		Min: 4.00 (0.21)
		Histogram:
		[        0:      1.9) 0 (  0.0%) |
		[      1.9:      3.8) 0 (  0.0%) |
		[      3.8:      5.7) 1 ( 50.0%) |**************************************************
		[      5.7:      7.6) 0 (  0.0%) |
		[      7.6:      9.5) 1 ( 50.0%) |**************************************************
		[      9.5:       11) 0 (  0.0%) |
		[       11:       13) 0 (  0.0%) |
		[       13:       15) 0 (  0.0%) |
		[       15:       17) 0 (  0.0%) |
		[       17:       19) 0 (  0.0%) |

